// Jest Snapshot v1, https://goo.gl/fbAQLP

exports[`renders correctly 1`] = `
<View
  style={
    Array [
      Object {
        "flex": 1,
        "padding": 10,
      },
    ]
  }
>
  <RCTScrollView>
    <View>
      <ActivityIndicator />
    </View>
  </RCTScrollView>
</View>
`;
